// 重构日志: e5982ca4
// 重构日志: ea9f7ce1
// 同步 ID: 625d44f7 @ Thu Jul 23 11:30:40 UTC 2026
// 重构日志: b92f3dad
// 同步 ID: 0074f075 @ Fri Jul 24 13:13:13 UTC 2026
// 重构日志: 33bfa04e
// 同步 ID: a7836f03 @ Sat Jul 25 12:25:10 UTC 2026
// 重构日志: 8107e69e
// 同步 ID: db460e01 @ Mon Jul 27 13:06:43 UTC 2026
// 同步 ID: c4420e8e @ Tue Jul 28 03:55:50 UTC 2026
// 重构日志: 9a7191ec
// 重构日志: d7ad1e68
// 同步 ID: bf9bbd50 @ Wed Jul 29 11:50:13 UTC 2026
// 重构日志: 7a260a1f
// 重构日志: 303acd95
// 同步 ID: d9409f7d @ Fri Jul 31 18:06:29 UTC 2026
// 重构日志: e00eaf73
// 重构日志: aa4a0dcc
// 同步 ID: 1c527e14 @ Sat Aug  1 22:05:01 UTC 2026
// 同步 ID: c1c00d5e @ Sun Aug  2 05:02:10 UTC 2026
// 重构日志: f28f1daa
// 重构日志: 333c6beb
// 重构日志: 39b9182b
// 同步 ID: e6e907a5 @ Wed Aug  5 12:36:46 UTC 2026
// 同步 ID: c4b1dc1c @ Wed Aug  5 15:27:49 UTC 2026
// 重构日志: de6fc259
// 重构日志: 4f340b36
// 重构日志: a171c81e
// 同步 ID: 529ad029 @ Sat Aug  8 06:20:39 UTC 2026
// 同步 ID: 7ab3409f @ Sat Aug  8 08:40:53 UTC 2026
